Archive member included to satisfy reference by file (symbol)

/usr/lib/gcc/arm-none-eabi/14.1.0/../../../../arm-none-eabi/lib/thumb/v7-m/nofp/libc_nano.a(libc_a-atexit.o)
                              /usr/lib/gcc/arm-none-eabi/14.1.0/../../../../arm-none-eabi/lib/thumb/v7-m/nofp/crt0.o (atexit)
/usr/lib/gcc/arm-none-eabi/14.1.0/../../../../arm-none-eabi/lib/thumb/v7-m/nofp/libc_nano.a(libc_a-exit.o)
                              /usr/lib/gcc/arm-none-eabi/14.1.0/../../../../arm-none-eabi/lib/thumb/v7-m/nofp/crt0.o (exit)
/usr/lib/gcc/arm-none-eabi/14.1.0/../../../../arm-none-eabi/lib/thumb/v7-m/nofp/libc_nano.a(libc_a-findfp.o)
                              /usr/lib/gcc/arm-none-eabi/14.1.0/../../../../arm-none-eabi/lib/thumb/v7-m/nofp/libc_nano.a(libc_a-exit.o) (__stdio_exit_handler)
/usr/lib/gcc/arm-none-eabi/14.1.0/../../../../arm-none-eabi/lib/thumb/v7-m/nofp/libc_nano.a(libc_a-fwalk.o)
                              /usr/lib/gcc/arm-none-eabi/14.1.0/../../../../arm-none-eabi/lib/thumb/v7-m/nofp/libc_nano.a(libc_a-findfp.o) (_fwalk_sglue)
/usr/lib/gcc/arm-none-eabi/14.1.0/../../../../arm-none-eabi/lib/thumb/v7-m/nofp/libc_nano.a(libc_a-stdio.o)
                              /usr/lib/gcc/arm-none-eabi/14.1.0/../../../../arm-none-eabi/lib/thumb/v7-m/nofp/libc_nano.a(libc_a-findfp.o) (__sread)
/usr/lib/gcc/arm-none-eabi/14.1.0/../../../../arm-none-eabi/lib/thumb/v7-m/nofp/libc_nano.a(libc_a-memset.o)
                              /usr/lib/gcc/arm-none-eabi/14.1.0/../../../../arm-none-eabi/lib/thumb/v7-m/nofp/crt0.o (memset)
/usr/lib/gcc/arm-none-eabi/14.1.0/../../../../arm-none-eabi/lib/thumb/v7-m/nofp/libc_nano.a(libc_a-closer.o)
                              /usr/lib/gcc/arm-none-eabi/14.1.0/../../../../arm-none-eabi/lib/thumb/v7-m/nofp/libc_nano.a(libc_a-stdio.o) (_close_r)
/usr/lib/gcc/arm-none-eabi/14.1.0/../../../../arm-none-eabi/lib/thumb/v7-m/nofp/libc_nano.a(libc_a-reent.o)
                              /usr/lib/gcc/arm-none-eabi/14.1.0/../../../../arm-none-eabi/lib/thumb/v7-m/nofp/libc_nano.a(libc_a-closer.o) (errno)
/usr/lib/gcc/arm-none-eabi/14.1.0/../../../../arm-none-eabi/lib/thumb/v7-m/nofp/libc_nano.a(libc_a-impure.o)
                              /usr/lib/gcc/arm-none-eabi/14.1.0/../../../../arm-none-eabi/lib/thumb/v7-m/nofp/libc_nano.a(libc_a-reent.o) (_impure_ptr)
/usr/lib/gcc/arm-none-eabi/14.1.0/../../../../arm-none-eabi/lib/thumb/v7-m/nofp/libc_nano.a(libc_a-lseekr.o)
                              /usr/lib/gcc/arm-none-eabi/14.1.0/../../../../arm-none-eabi/lib/thumb/v7-m/nofp/libc_nano.a(libc_a-stdio.o) (_lseek_r)
/usr/lib/gcc/arm-none-eabi/14.1.0/../../../../arm-none-eabi/lib/thumb/v7-m/nofp/libc_nano.a(libc_a-readr.o)
                              /usr/lib/gcc/arm-none-eabi/14.1.0/../../../../arm-none-eabi/lib/thumb/v7-m/nofp/libc_nano.a(libc_a-stdio.o) (_read_r)
/usr/lib/gcc/arm-none-eabi/14.1.0/../../../../arm-none-eabi/lib/thumb/v7-m/nofp/libc_nano.a(libc_a-writer.o)
                              /usr/lib/gcc/arm-none-eabi/14.1.0/../../../../arm-none-eabi/lib/thumb/v7-m/nofp/libc_nano.a(libc_a-stdio.o) (_write_r)
/usr/lib/gcc/arm-none-eabi/14.1.0/../../../../arm-none-eabi/lib/thumb/v7-m/nofp/libc_nano.a(libc_a-init.o)
                              /usr/lib/gcc/arm-none-eabi/14.1.0/../../../../arm-none-eabi/lib/thumb/v7-m/nofp/crt0.o (__libc_init_array)
/usr/lib/gcc/arm-none-eabi/14.1.0/../../../../arm-none-eabi/lib/thumb/v7-m/nofp/libc_nano.a(libc_a-fini.o)
                              /usr/lib/gcc/arm-none-eabi/14.1.0/../../../../arm-none-eabi/lib/thumb/v7-m/nofp/crt0.o (__libc_fini_array)
/usr/lib/gcc/arm-none-eabi/14.1.0/../../../../arm-none-eabi/lib/thumb/v7-m/nofp/libc_nano.a(libc_a-lock.o)
                              /usr/lib/gcc/arm-none-eabi/14.1.0/../../../../arm-none-eabi/lib/thumb/v7-m/nofp/libc_nano.a(libc_a-findfp.o) (__retarget_lock_init_recursive)
/usr/lib/gcc/arm-none-eabi/14.1.0/../../../../arm-none-eabi/lib/thumb/v7-m/nofp/libc_nano.a(libc_a-__atexit.o)
                              /usr/lib/gcc/arm-none-eabi/14.1.0/../../../../arm-none-eabi/lib/thumb/v7-m/nofp/libc_nano.a(libc_a-atexit.o) (__register_exitproc)
/usr/lib/gcc/arm-none-eabi/14.1.0/../../../../arm-none-eabi/lib/thumb/v7-m/nofp/libc_nano.a(libc_a-__call_atexit.o)
                              /usr/lib/gcc/arm-none-eabi/14.1.0/../../../../arm-none-eabi/lib/thumb/v7-m/nofp/libc_nano.a(libc_a-__atexit.o) (__call_exitprocs)
/usr/lib/gcc/arm-none-eabi/14.1.0/../../../../arm-none-eabi/lib/thumb/v7-m/nofp/libc_nano.a(libc_a-freer.o)
                              /usr/lib/gcc/arm-none-eabi/14.1.0/../../../../arm-none-eabi/lib/thumb/v7-m/nofp/libc_nano.a(libc_a-reent.o) (_free_r)
/usr/lib/gcc/arm-none-eabi/14.1.0/../../../../arm-none-eabi/lib/thumb/v7-m/nofp/libc_nano.a(libc_a-mallocr.o)
                              /usr/lib/gcc/arm-none-eabi/14.1.0/../../../../arm-none-eabi/lib/thumb/v7-m/nofp/libc_nano.a(libc_a-findfp.o) (_malloc_r)
[...]
Memory Configuration

Name             Origin             Length             Attributes
RAM              0x20000000         0x00005000         xrw
FLASH            0x08000000         0x00010000         xr
*default*        0x00000000         0xffffffff

Linker script and memory map

LOAD /usr/lib/gcc/arm-none-eabi/14.1.0/thumb/v7-m/nofp/crti.o
LOAD /usr/lib/gcc/arm-none-eabi/14.1.0/thumb/v7-m/nofp/crtbegin.o
LOAD /usr/lib/gcc/arm-none-eabi/14.1.0/../../../../arm-none-eabi/lib/thumb/v7-m/nofp/crt0.o
START GROUP
LOAD /usr/lib/gcc/arm-none-eabi/14.1.0/../../../../arm-none-eabi/lib/thumb/v7-m/nofp/libc_nano.a
LOAD /usr/lib/gcc/arm-none-eabi/14.1.0/../../../../arm-none-eabi/lib/thumb/v7-m/nofp/libm.a
END GROUP
LOAD CMakeFiles/PWM.dir/Core/Src/main.c.obj
LOAD CMakeFiles/PWM.dir/Core/Src/stm32f1xx_it.c.obj
LOAD CMakeFiles/PWM.dir/Core/Src/stm32f1xx_hal_msp.c.obj
LOAD CMakeFiles/PWM.dir/Drivers/STM32F1xx_HAL_Driver/Src/stm32f1xx_hal_gpio_ex.c.obj
LOAD CMakeFiles/PWM.dir/Drivers/STM32F1xx_HAL_Driver/Src/stm32f1xx_hal_tim.c.obj
LOAD CMakeFiles/PWM.dir/Drivers/STM32F1xx_HAL_Driver/Src/stm32f1xx_hal_tim_ex.c.obj
LOAD CMakeFiles/PWM.dir/Drivers/STM32F1xx_HAL_Driver/Src/stm32f1xx_hal.c.obj
LOAD CMakeFiles/PWM.dir/Drivers/STM32F1xx_HAL_Driver/Src/stm32f1xx_hal_rcc.c.obj
LOAD CMakeFiles/PWM.dir/Drivers/STM32F1xx_HAL_Driver/Src/stm32f1xx_hal_rcc_ex.c.obj
LOAD CMakeFiles/PWM.dir/Drivers/STM32F1xx_HAL_Driver/Src/stm32f1xx_hal_gpio.c.obj
LOAD CMakeFiles/PWM.dir/Drivers/STM32F1xx_HAL_Driver/Src/stm32f1xx_hal_dma.c.obj
LOAD CMakeFiles/PWM.dir/Drivers/STM32F1xx_HAL_Driver/Src/stm32f1xx_hal_cortex.c.obj
LOAD CMakeFiles/PWM.dir/Drivers/STM32F1xx_HAL_Driver/Src/stm32f1xx_hal_pwr.c.obj
LOAD CMakeFiles/PWM.dir/Drivers/STM32F1xx_HAL_Driver/Src/stm32f1xx_hal_flash.c.obj
LOAD CMakeFiles/PWM.dir/Drivers/STM32F1xx_HAL_Driver/Src/stm32f1xx_hal_flash_ex.c.obj
LOAD CMakeFiles/PWM.dir/Drivers/STM32F1xx_HAL_Driver/Src/stm32f1xx_hal_exti.c.obj
LOAD CMakeFiles/PWM.dir/Core/Src/system_stm32f1xx.c.obj
LOAD CMakeFiles/PWM.dir/Core/Src/sysmem.c.obj
LOAD CMakeFiles/PWM.dir/Core/Src/syscalls.c.obj
LOAD CMakeFiles/PWM.dir/startup_stm32f103xb.s.obj
START GROUP
LOAD /usr/lib/gcc/arm-none-eabi/14.1.0/thumb/v7-m/nofp/libgcc.a
LOAD /usr/lib/gcc/arm-none-eabi/14.1.0/../../../../arm-none-eabi/lib/thumb/v7-m/nofp/libg_nano.a
LOAD /usr/lib/gcc/arm-none-eabi/14.1.0/../../../../arm-none-eabi/lib/thumb/v7-m/nofp/libc_nano.a
END GROUP
START GROUP
LOAD /usr/lib/gcc/arm-none-eabi/14.1.0/thumb/v7-m/nofp/libgcc.a
LOAD /usr/lib/gcc/arm-none-eabi/14.1.0/../../../../arm-none-eabi/lib/thumb/v7-m/nofp/libc_nano.a
END GROUP
LOAD /usr/lib/gcc/arm-none-eabi/14.1.0/thumb/v7-m/nofp/crtend.o
LOAD /usr/lib/gcc/arm-none-eabi/14.1.0/thumb/v7-m/nofp/crtn.o
                0x20005000                        _estack = (ORIGIN (RAM) + LENGTH (RAM))
                0x00000200                        _Min_Heap_Size = 0x200
                0x00000400                        _Min_Stack_Size = 0x400

.isr_vector     0x08000000      0x10c
                0x08000000                        . = ALIGN (0x4)
 *(.isr_vector)
 .isr_vector    0x08000000      0x10c CMakeFiles/PWM.dir/startup_stm32f103xb.s.obj
                0x08000000                g_pfnVectors
                0x0800010c                        . = ALIGN (0x4)

.text           0x0800010c     0x1a0c
                0x0800010c                        . = ALIGN (0x4)
 *(.text)
 *(.text*)
 .text.__do_global_dtors_aux
                0x0800010c       0x24 /usr/lib/gcc/arm-none-eabi/14.1.0/thumb/v7-m/nofp/crtbegin.o
 .text.frame_dummy
                0x08000130       0x1c /usr/lib/gcc/arm-none-eabi/14.1.0/thumb/v7-m/nofp/crtbegin.o
 .text.memset   0x0800014c       0x10 /usr/lib/gcc/arm-none-eabi/14.1.0/../../../../arm-none-eabi/lib/thumb/v7-m/nofp/libc_nano.a(libc_a-memset.o)
                0x0800014c                memset
 .text.__libc_init_array
                0x0800015c       0x48 /usr/lib/gcc/arm-none-eabi/14.1.0/../../../../arm-none-eabi/lib/thumb/v7-m/nofp/libc_nano.a(libc_a-init.o)
                0x0800015c                __libc_init_array
 .text.main     0x080001a4       0x64 CMakeFiles/PWM.dir/Core/Src/main.c.obj
                0x080001a4                main
 .text.SystemClock_Config
                0x08000208       0x74 CMakeFiles/PWM.dir/Core/Src/main.c.obj
                0x08000208                SystemClock_Config
 .text.MX_TIM2_Init
                0x0800027c       0xb0 CMakeFiles/PWM.dir/Core/Src/main.c.obj
 .text.MX_GPIO_Init
                0x0800032c       0x44 CMakeFiles/PWM.dir/Core/Src/main.c.obj
 .text.Error_Handler
                0x08000370        0xc CMakeFiles/PWM.dir/Core/Src/main.c.obj
                0x08000370                Error_Handler
 .text.NMI_Handler
                0x0800037c        0x8 CMakeFiles/PWM.dir/Core/Src/stm32f1xx_it.c.obj
                0x0800037c                NMI_Handler
 .text.HardFault_Handler
                0x08000384        0x8 CMakeFiles/PWM.dir/Core/Src/stm32f1xx_it.c.obj
                0x08000384                HardFault_Handler
 .text.MemManage_Handler
                0x0800038c        0x8 CMakeFiles/PWM.dir/Core/Src/stm32f1xx_it.c.obj
                0x0800038c                MemManage_Handler
 .text.BusFault_Handler
                0x08000394        0x8 CMakeFiles/PWM.dir/Core/Src/stm32f1xx_it.c.obj
                0x08000394                BusFault_Handler
 .text.UsageFault_Handler
                0x0800039c        0x8 CMakeFiles/PWM.dir/Core/Src/stm32f1xx_it.c.obj
                0x0800039c                UsageFault_Handler
 .text.SVC_Handler
                0x080003a4        0xc CMakeFiles/PWM.dir/Core/Src/stm32f1xx_it.c.obj
                0x080003a4                SVC_Handler
 .text.DebugMon_Handler
                0x080003b0        0xc CMakeFiles/PWM.dir/Core/Src/stm32f1xx_it.c.obj
                0x080003b0                DebugMon_Handler
 .text.PendSV_Handler
                0x080003bc        0xc CMakeFiles/PWM.dir/Core/Src/stm32f1xx_it.c.obj
                0x080003bc                PendSV_Handler
 .text.SysTick_Handler
                0x080003c8        0xc CMakeFiles/PWM.dir/Core/Src/stm32f1xx_it.c.obj
                0x080003c8                SysTick_Handler
 .text.HAL_MspInit
                0x080003d4       0x64 CMakeFiles/PWM.dir/Core/Src/stm32f1xx_hal_msp.c.obj
                0x080003d4                HAL_MspInit
 .text.HAL_TIM_PWM_MspInit
                0x08000438       0x38 CMakeFiles/PWM.dir/Core/Src/stm32f1xx_hal_msp.c.obj
                0x08000438                HAL_TIM_PWM_MspInit
 .text.HAL_TIM_MspPostInit
                0x08000470       0x60 CMakeFiles/PWM.dir/Core/Src/stm32f1xx_hal_msp.c.obj
                0x08000470                HAL_TIM_MspPostInit
 .text.HAL_TIM_PWM_Init
                0x080004d0       0x9e CMakeFiles/PWM.dir/Drivers/STM32F1xx_HAL_Driver/Src/stm32f1xx_hal_tim.c.obj
                0x080004d0                HAL_TIM_PWM_Init
 *fill*         0x0800056e        0x2 
 .text.HAL_TIM_PWM_Start
                0x08000570      0x144 CMakeFiles/PWM.dir/Drivers/STM32F1xx_HAL_Driver/Src/stm32f1xx_hal_tim.c.obj
                0x08000570                HAL_TIM_PWM_Start
 .text.HAL_TIM_PWM_ConfigChannel
                0x080006b4      0x184 CMakeFiles/PWM.dir/Drivers/STM32F1xx_HAL_Driver/Src/stm32f1xx_hal_tim.c.obj
                0x080006b4                HAL_TIM_PWM_ConfigChannel
 .text.TIM_Base_SetConfig
                0x08000838       0xc4 CMakeFiles/PWM.dir/Drivers/STM32F1xx_HAL_Driver/Src/stm32f1xx_hal_tim.c.obj
                0x08000838                TIM_Base_SetConfig
 .text.TIM_OC1_SetConfig
                0x080008fc       0xcc CMakeFiles/PWM.dir/Drivers/STM32F1xx_HAL_Driver/Src/stm32f1xx_hal_tim.c.obj
 .text.TIM_OC2_SetConfig
                0x080009c8       0xd4 CMakeFiles/PWM.dir/Drivers/STM32F1xx_HAL_Driver/Src/stm32f1xx_hal_tim.c.obj
                0x080009c8                TIM_OC2_SetConfig
 .text.TIM_OC3_SetConfig
                0x08000a9c       0xd4 CMakeFiles/PWM.dir/Drivers/STM32F1xx_HAL_Driver/Src/stm32f1xx_hal_tim.c.obj
 .text.TIM_OC4_SetConfig
                0x08000b70       0x9c CMakeFiles/PWM.dir/Drivers/STM32F1xx_HAL_Driver/Src/stm32f1xx_hal_tim.c.obj
 .text.TIM_CCxChannelCmd
                0x08000c0c       0x48 CMakeFiles/PWM.dir/Drivers/STM32F1xx_HAL_Driver/Src/stm32f1xx_hal_tim.c.obj
                0x08000c0c                TIM_CCxChannelCmd
 .text.HAL_TIMEx_MasterConfigSynchronization
                0x08000c54       0xbc CMakeFiles/PWM.dir/Drivers/STM32F1xx_HAL_Driver/Src/stm32f1xx_hal_tim_ex.c.obj
                0x08000c54                HAL_TIMEx_MasterConfigSynchronization
 .text.HAL_Init
                0x08000d10       0x2c CMakeFiles/PWM.dir/Drivers/STM32F1xx_HAL_Driver/Src/stm32f1xx_hal.c.obj
                0x08000d10                HAL_Init
 .text.HAL_InitTick
                0x08000d3c       0x60 CMakeFiles/PWM.dir/Drivers/STM32F1xx_HAL_Driver/Src/stm32f1xx_hal.c.obj
                0x08000d3c                HAL_InitTick
 .text.HAL_IncTick
                0x08000d9c       0x24 CMakeFiles/PWM.dir/Drivers/STM32F1xx_HAL_Driver/Src/stm32f1xx_hal.c.obj
                0x08000d9c                HAL_IncTick
 .text.HAL_GetTick
                0x08000dc0       0x14 CMakeFiles/PWM.dir/Drivers/STM32F1xx_HAL_Driver/Src/stm32f1xx_hal.c.obj
                0x08000dc0                HAL_GetTick
 .text.HAL_Delay
                0x08000dd4       0x48 CMakeFiles/PWM.dir/Drivers/STM32F1xx_HAL_Driver/Src/stm32f1xx_hal.c.obj
                0x08000dd4                HAL_Delay
 .text.HAL_RCC_OscConfig
                0x08000e1c      0x504 CMakeFiles/PWM.dir/Drivers/STM32F1xx_HAL_Driver/Src/stm32f1xx_hal_rcc.c.obj
                0x08000e1c                HAL_RCC_OscConfig
 .text.HAL_RCC_ClockConfig
                0x08001320      0x1d4 CMakeFiles/PWM.dir/Drivers/STM32F1xx_HAL_Driver/Src/stm32f1xx_hal_rcc.c.obj
                0x08001320                HAL_RCC_ClockConfig
 .text.HAL_RCC_GetSysClockFreq
                0x080014f4       0xa8 CMakeFiles/PWM.dir/Drivers/STM32F1xx_HAL_Driver/Src/stm32f1xx_hal_rcc.c.obj
                0x080014f4                HAL_RCC_GetSysClockFreq
 .text.RCC_Delay
                0x0800159c       0x3c CMakeFiles/PWM.dir/Drivers/STM32F1xx_HAL_Driver/Src/stm32f1xx_hal_rcc.c.obj
 .text.HAL_GPIO_Init
                0x080015d8      0x308 CMakeFiles/PWM.dir/Drivers/STM32F1xx_HAL_Driver/Src/stm32f1xx_hal_gpio.c.obj
                0x080015d8                HAL_GPIO_Init
 .text.__NVIC_SetPriorityGrouping
                0x080018e0       0x48 CMakeFiles/PWM.dir/Drivers/STM32F1xx_HAL_Driver/Src/stm32f1xx_hal_cortex.c.obj
 .text.__NVIC_GetPriorityGrouping
                0x08001928       0x1c CMakeFiles/PWM.dir/Drivers/STM32F1xx_HAL_Driver/Src/stm32f1xx_hal_cortex.c.obj
 .text.__NVIC_SetPriority
                0x08001944       0x54 CMakeFiles/PWM.dir/Drivers/STM32F1xx_HAL_Driver/Src/stm32f1xx_hal_cortex.c.obj
 .text.NVIC_EncodePriority
                0x08001998       0x64 CMakeFiles/PWM.dir/Drivers/STM32F1xx_HAL_Driver/Src/stm32f1xx_hal_cortex.c.obj
 .text.SysTick_Config
                0x080019fc       0x44 CMakeFiles/PWM.dir/Drivers/STM32F1xx_HAL_Driver/Src/stm32f1xx_hal_cortex.c.obj
 .text.HAL_NVIC_SetPriorityGrouping
                0x08001a40       0x16 CMakeFiles/PWM.dir/Drivers/STM32F1xx_HAL_Driver/Src/stm32f1xx_hal_cortex.c.obj
                0x08001a40                HAL_NVIC_SetPriorityGrouping
 .text.HAL_NVIC_SetPriority
                0x08001a56       0x38 CMakeFiles/PWM.dir/Drivers/STM32F1xx_HAL_Driver/Src/stm32f1xx_hal_cortex.c.obj
                0x08001a56                HAL_NVIC_SetPriority
 .text.HAL_SYSTICK_Config
                0x08001a8e       0x18 CMakeFiles/PWM.dir/Drivers/STM32F1xx_HAL_Driver/Src/stm32f1xx_hal_cortex.c.obj
                0x08001a8e                HAL_SYSTICK_Config
 .text.SystemInit
                0x08001aa6        0xc CMakeFiles/PWM.dir/Core/Src/system_stm32f1xx.c.obj
                0x08001aa6                SystemInit
 *fill*         0x08001ab2        0x2 
 .text.Reset_Handler
                0x08001ab4       0x48 CMakeFiles/PWM.dir/startup_stm32f103xb.s.obj
                0x08001ab4                Reset_Handler
 .text.Default_Handler
                0x08001afc        0x2 CMakeFiles/PWM.dir/startup_stm32f103xb.s.obj
                0x08001afc                RTC_Alarm_IRQHandler
                0x08001afc                EXTI2_IRQHandler
                0x08001afc                TIM1_CC_IRQHandler
                0x08001afc                PVD_IRQHandler
                0x08001afc                EXTI3_IRQHandler
                0x08001afc                EXTI0_IRQHandler
                0x08001afc                I2C2_EV_IRQHandler
                0x08001afc                ADC1_2_IRQHandler
                0x08001afc                SPI1_IRQHandler
                0x08001afc                TAMPER_IRQHandler
                0x08001afc                DMA1_Channel4_IRQHandler
                0x08001afc                USART3_IRQHandler
                0x08001afc                RTC_IRQHandler
                0x08001afc                DMA1_Channel7_IRQHandler
                0x08001afc                CAN1_RX1_IRQHandler
                0x08001afc                TIM4_IRQHandler
                0x08001afc                I2C1_EV_IRQHandler
                0x08001afc                DMA1_Channel6_IRQHandler
                0x08001afc                TIM3_IRQHandler
                0x08001afc                RCC_IRQHandler
                0x08001afc                TIM1_TRG_COM_IRQHandler
                0x08001afc                DMA1_Channel1_IRQHandler
                0x08001afc                Default_Handler
                0x08001afc                EXTI15_10_IRQHandler
                0x08001afc                EXTI9_5_IRQHandler
                0x08001afc                SPI2_IRQHandler
                0x08001afc                DMA1_Channel5_IRQHandler
                0x08001afc                EXTI4_IRQHandler
                0x08001afc                USB_LP_CAN1_RX0_IRQHandler
                0x08001afc                USB_HP_CAN1_TX_IRQHandler
                0x08001afc                DMA1_Channel3_IRQHandler
                0x08001afc                TIM1_UP_IRQHandler
                0x08001afc                WWDG_IRQHandler
                0x08001afc                TIM2_IRQHandler
                0x08001afc                TIM1_BRK_IRQHandler
                0x08001afc                EXTI1_IRQHandler
                0x08001afc                USART2_IRQHandler
                0x08001afc                I2C2_ER_IRQHandler
                0x08001afc                DMA1_Channel2_IRQHandler
                0x08001afc                CAN1_SCE_IRQHandler
                0x08001afc                FLASH_IRQHandler
                0x08001afc                USART1_IRQHandler
                0x08001afc                I2C1_ER_IRQHandler
                0x08001afc                USBWakeUp_IRQHandler
 *(.glue_7)
 .glue_7        0x08001afe        0x0 linker stubs
 *(.glue_7t)
 .glue_7t       0x08001afe        0x0 linker stubs
 *(.eh_frame)
 *fill*         0x08001afe        0x2 
 .eh_frame      0x08001b00        0x0 /usr/lib/gcc/arm-none-eabi/14.1.0/thumb/v7-m/nofp/crtbegin.o
 *(.init)
 .init          0x08001b00        0x4 /usr/lib/gcc/arm-none-eabi/14.1.0/thumb/v7-m/nofp/crti.o
                0x08001b00                _init
 .init          0x08001b04        0x8 /usr/lib/gcc/arm-none-eabi/14.1.0/thumb/v7-m/nofp/crtn.o
 *(.fini)
 .fini          0x08001b0c        0x4 /usr/lib/gcc/arm-none-eabi/14.1.0/thumb/v7-m/nofp/crti.o
                0x08001b0c                _fini
 .fini          0x08001b10        0x8 /usr/lib/gcc/arm-none-eabi/14.1.0/thumb/v7-m/nofp/crtn.o
                0x08001b18                        . = ALIGN (0x4)
                0x08001b18                        _etext = .

.vfp11_veneer   0x08001b18        0x0
 .vfp11_veneer  0x08001b18        0x0 linker stubs

.v4_bx          0x08001b18        0x0
 .v4_bx         0x08001b18        0x0 linker stubs

.iplt           0x08001b18        0x0
 .iplt          0x08001b18        0x0 /usr/lib/gcc/arm-none-eabi/14.1.0/thumb/v7-m/nofp/crtbegin.o

.rodata         0x08001b18       0x24
                0x08001b18                        . = ALIGN (0x4)
 *(.rodata)
 *(.rodata*)
 .rodata.aPLLMULFactorTable.1
                0x08001b18       0x10 CMakeFiles/PWM.dir/Drivers/STM32F1xx_HAL_Driver/Src/stm32f1xx_hal_rcc.c.obj
 .rodata.aPredivFactorTable.0
                0x08001b28        0x2 CMakeFiles/PWM.dir/Drivers/STM32F1xx_HAL_Driver/Src/stm32f1xx_hal_rcc.c.obj
 *fill*         0x08001b2a        0x2 
 .rodata.AHBPrescTable
                0x08001b2c       0x10 CMakeFiles/PWM.dir/Core/Src/system_stm32f1xx.c.obj
                0x08001b2c                AHBPrescTable
                0x08001b3c                        . = ALIGN (0x4)

.rel.dyn        0x08001b3c        0x0
 .rel.iplt      0x08001b3c        0x0 /usr/lib/gcc/arm-none-eabi/14.1.0/thumb/v7-m/nofp/crtbegin.o

.ARM.extab
 *(.ARM.extab* .gnu.linkonce.armextab.*)

.ARM            0x08001b3c        0x0
                0x08001b3c                        __exidx_start = .
 *(.ARM.exidx*)
                0x08001b3c                        __exidx_end = .

.preinit_array  0x08001b3c        0x0
                0x08001b3c                        PROVIDE (__preinit_array_start = .)
 *(.preinit_array*)
                0x08001b3c                        PROVIDE (__preinit_array_end = .)

.init_array     0x08001b3c        0x4
                0x08001b3c                        PROVIDE (__init_array_start = .)
 *(SORT_BY_NAME(.init_array.*))
 *(.init_array*)
 .init_array    0x08001b3c        0x4 /usr/lib/gcc/arm-none-eabi/14.1.0/thumb/v7-m/nofp/crtbegin.o
                0x08001b40                        PROVIDE (__init_array_end = .)

.fini_array     0x08001b40        0x4
                0x08001b40                        PROVIDE (__fini_array_start = .)
 *(SORT_BY_NAME(.fini_array.*))
 *(.fini_array*)
 .fini_array    0x08001b40        0x4 /usr/lib/gcc/arm-none-eabi/14.1.0/thumb/v7-m/nofp/crtbegin.o
                0x08001b44                        PROVIDE (__fini_array_end = .)
                0x08001b44                        _sidata = LOADADDR (.data)

.data           0x20000000        0xc load address 0x08001b44
                0x20000000                        . = ALIGN (0x4)
                0x20000000                        _sdata = .
 *(.data)
 *(.data*)
 .data.uwTickPrio
                0x20000000        0x4 CMakeFiles/PWM.dir/Drivers/STM32F1xx_HAL_Driver/Src/stm32f1xx_hal.c.obj
                0x20000000                uwTickPrio
 .data.uwTickFreq
                0x20000004        0x1 CMakeFiles/PWM.dir/Drivers/STM32F1xx_HAL_Driver/Src/stm32f1xx_hal.c.obj
                0x20000004                uwTickFreq
 *fill*         0x20000005        0x3 
 .data.SystemCoreClock
                0x20000008        0x4 CMakeFiles/PWM.dir/Core/Src/system_stm32f1xx.c.obj
                0x20000008                SystemCoreClock
                0x2000000c                        . = ALIGN (0x4)
                0x2000000c                        _edata = .

.igot.plt       0x2000000c        0x0 load address 0x08001b50
 .igot.plt      0x2000000c        0x0 /usr/lib/gcc/arm-none-eabi/14.1.0/thumb/v7-m/nofp/crtbegin.o
                0x2000000c                        . = ALIGN (0x4)

.bss            0x2000000c       0x68 load address 0x08001b50
                0x2000000c                        _sbss = .
                0x2000000c                        __bss_start__ = _sbss
 *(.bss)
 *(.bss*)
 .bss.completed.1
                0x2000000c        0x1 /usr/lib/gcc/arm-none-eabi/14.1.0/thumb/v7-m/nofp/crtbegin.o
 *fill*         0x2000000d        0x3 
 .bss.object.0  0x20000010       0x18 /usr/lib/gcc/arm-none-eabi/14.1.0/thumb/v7-m/nofp/crtbegin.o
 .bss.htim2     0x20000028       0x48 CMakeFiles/PWM.dir/Core/Src/main.c.obj
                0x20000028                htim2
 .bss.uwTick    0x20000070        0x4 CMakeFiles/PWM.dir/Drivers/STM32F1xx_HAL_Driver/Src/stm32f1xx_hal.c.obj
                0x20000070                uwTick
 *(COMMON)
                0x20000074                        . = ALIGN (0x4)
                0x20000074                        _ebss = .
                0x20000074                        __bss_end__ = _ebss

._user_heap_stack
                0x20000074      0x604 load address 0x08001b50
                0x20000078                        . = ALIGN (0x8)
 *fill*         0x20000074        0x4 
                [!provide]                        PROVIDE (end = .)
                0x20000078                        PROVIDE (_end = .)
                0x20000278                        . = (. + _Min_Heap_Size)
 *fill*         0x20000078      0x200 
                0x20000678                        . = (. + _Min_Stack_Size)
 *fill*         0x20000278      0x400 
                0x20000678                        . = ALIGN (0x8)

/DISCARD/
 libc.a(*)
 libm.a(*)
 libgcc.a(*)

.ARM.attributes
                0x00000000       0x29
 *(.ARM.attributes)
 .ARM.attributes
                0x00000000       0x1d /usr/lib/gcc/arm-none-eabi/14.1.0/thumb/v7-m/nofp/crti.o
 .ARM.attributes
                0x0000001d       0x2d /usr/lib/gcc/arm-none-eabi/14.1.0/thumb/v7-m/nofp/crtbegin.o
 .ARM.attributes
                0x0000004a       0x2d /usr/lib/gcc/arm-none-eabi/14.1.0/../../../../arm-none-eabi/lib/thumb/v7-m/nofp/libc_nano.a(libc_a-memset.o)
 .ARM.attributes
                0x00000077       0x2d /usr/lib/gcc/arm-none-eabi/14.1.0/../../../../arm-none-eabi/lib/thumb/v7-m/nofp/libc_nano.a(libc_a-init.o)
 .ARM.attributes
                0x000000a4       0x2d CMakeFiles/PWM.dir/Core/Src/main.c.obj
 .ARM.attributes
                0x000000d1       0x2d CMakeFiles/PWM.dir/Core/Src/stm32f1xx_it.c.obj
 .ARM.attributes
                0x000000fe       0x2d CMakeFiles/PWM.dir/Core/Src/stm32f1xx_hal_msp.c.obj
 .ARM.attributes
                0x0000012b       0x2d CMakeFiles/PWM.dir/Drivers/STM32F1xx_HAL_Driver/Src/stm32f1xx_hal_tim.c.obj
 .ARM.attributes
                0x00000158       0x2d CMakeFiles/PWM.dir/Drivers/STM32F1xx_HAL_Driver/Src/stm32f1xx_hal_tim_ex.c.obj
 .ARM.attributes
                0x00000185       0x2d CMakeFiles/PWM.dir/Drivers/STM32F1xx_HAL_Driver/Src/stm32f1xx_hal.c.obj
 .ARM.attributes
                0x000001b2       0x2d CMakeFiles/PWM.dir/Drivers/STM32F1xx_HAL_Driver/Src/stm32f1xx_hal_rcc.c.obj
 .ARM.attributes
                0x000001df       0x2d CMakeFiles/PWM.dir/Drivers/STM32F1xx_HAL_Driver/Src/stm32f1xx_hal_gpio.c.obj
 .ARM.attributes
                0x0000020c       0x2d CMakeFiles/PWM.dir/Drivers/STM32F1xx_HAL_Driver/Src/stm32f1xx_hal_cortex.c.obj
 .ARM.attributes
                0x00000239       0x2d CMakeFiles/PWM.dir/Core/Src/system_stm32f1xx.c.obj
 .ARM.attributes
                0x00000266       0x21 CMakeFiles/PWM.dir/startup_stm32f103xb.s.obj
 .ARM.attributes
                0x00000287       0x1d /usr/lib/gcc/arm-none-eabi/14.1.0/thumb/v7-m/nofp/crtn.o
OUTPUT(PWM.elf elf32-littlearm)
LOAD linker stubs
LOAD /usr/lib/gcc/arm-none-eabi/14.1.0/../../../../arm-none-eabi/lib/thumb/v7-m/nofp/libc.a
LOAD /usr/lib/gcc/arm-none-eabi/14.1.0/../../../../arm-none-eabi/lib/thumb/v7-m/nofp/libm.a
LOAD /usr/lib/gcc/arm-none-eabi/14.1.0/thumb/v7-m/nofp/libgcc.a

.debug_info     0x00000000     0x7595
 .debug_info    0x00000000       0xe0 /usr/lib/gcc/arm-none-eabi/14.1.0/../../../../arm-none-eabi/lib/thumb/v7-m/nofp/libc_nano.a(libc_a-memset.o)
 .debug_info    0x000000e0      0x10b /usr/lib/gcc/arm-none-eabi/14.1.0/../../../../arm-none-eabi/lib/thumb/v7-m/nofp/libc_nano.a(libc_a-init.o)
 .debug_info    0x000001eb      0xa80 CMakeFiles/PWM.dir/Core/Src/main.c.obj
 .debug_info    0x00000c6b      0x113 CMakeFiles/PWM.dir/Core/Src/stm32f1xx_it.c.obj
 .debug_info    0x00000d7e      0x8e4 CMakeFiles/PWM.dir/Core/Src/stm32f1xx_hal_msp.c.obj
 .debug_info    0x00001662     0x293b CMakeFiles/PWM.dir/Drivers/STM32F1xx_HAL_Driver/Src/stm32f1xx_hal_tim.c.obj
 .debug_info    0x00003f9d     0x149b CMakeFiles/PWM.dir/Drivers/STM32F1xx_HAL_Driver/Src/stm32f1xx_hal_tim_ex.c.obj
 .debug_info    0x00005438      0x704 CMakeFiles/PWM.dir/Drivers/STM32F1xx_HAL_Driver/Src/stm32f1xx_hal.c.obj
 .debug_info    0x00005b3c      0x7d5 CMakeFiles/PWM.dir/Drivers/STM32F1xx_HAL_Driver/Src/stm32f1xx_hal_rcc.c.obj
 .debug_info    0x00006311      0x5ab CMakeFiles/PWM.dir/Drivers/STM32F1xx_HAL_Driver/Src/stm32f1xx_hal_gpio.c.obj
 .debug_info    0x000068bc      0xa87 CMakeFiles/PWM.dir/Drivers/STM32F1xx_HAL_Driver/Src/stm32f1xx_hal_cortex.c.obj
 .debug_info    0x00007343      0x222 CMakeFiles/PWM.dir/Core/Src/system_stm32f1xx.c.obj
 .debug_info    0x00007565       0x30 CMakeFiles/PWM.dir/startup_stm32f103xb.s.obj

.debug_abbrev   0x00000000     0x1613
 .debug_abbrev  0x00000000       0x9e /usr/lib/gcc/arm-none-eabi/14.1.0/../../../../arm-none-eabi/lib/thumb/v7-m/nofp/libc_nano.a(libc_a-memset.o)
 .debug_abbrev  0x0000009e       0xc9 /usr/lib/gcc/arm-none-eabi/14.1.0/../../../../arm-none-eabi/lib/thumb/v7-m/nofp/libc_nano.a(libc_a-init.o)
 .debug_abbrev  0x00000167      0x298 CMakeFiles/PWM.dir/Core/Src/main.c.obj
 .debug_abbrev  0x000003ff       0x73 CMakeFiles/PWM.dir/Core/Src/stm32f1xx_it.c.obj
 .debug_abbrev  0x00000472      0x1cf CMakeFiles/PWM.dir/Core/Src/stm32f1xx_hal_msp.c.obj
 .debug_abbrev  0x00000641      0x277 CMakeFiles/PWM.dir/Drivers/STM32F1xx_HAL_Driver/Src/stm32f1xx_hal_tim.c.obj
 .debug_abbrev  0x000008b8      0x282 CMakeFiles/PWM.dir/Drivers/STM32F1xx_HAL_Driver/Src/stm32f1xx_hal_tim_ex.c.obj
 .debug_abbrev  0x00000b3a      0x201 CMakeFiles/PWM.dir/Drivers/STM32F1xx_HAL_Driver/Src/stm32f1xx_hal.c.obj
 .debug_abbrev  0x00000d3b      0x2b3 CMakeFiles/PWM.dir/Drivers/STM32F1xx_HAL_Driver/Src/stm32f1xx_hal_rcc.c.obj
 .debug_abbrev  0x00000fee      0x1ca CMakeFiles/PWM.dir/Drivers/STM32F1xx_HAL_Driver/Src/stm32f1xx_hal_gpio.c.obj
 .debug_abbrev  0x000011b8      0x2f8 CMakeFiles/PWM.dir/Drivers/STM32F1xx_HAL_Driver/Src/stm32f1xx_hal_cortex.c.obj
 .debug_abbrev  0x000014b0      0x13f CMakeFiles/PWM.dir/Core/Src/system_stm32f1xx.c.obj
 .debug_abbrev  0x000015ef       0x24 CMakeFiles/PWM.dir/startup_stm32f103xb.s.obj

.debug_loclists
                0x00000000       0x6f
 .debug_loclists
                0x00000000       0x3b /usr/lib/gcc/arm-none-eabi/14.1.0/../../../../arm-none-eabi/lib/thumb/v7-m/nofp/libc_nano.a(libc_a-memset.o)
 .debug_loclists
                0x0000003b       0x34 /usr/lib/gcc/arm-none-eabi/14.1.0/../../../../arm-none-eabi/lib/thumb/v7-m/nofp/libc_nano.a(libc_a-init.o)

.debug_aranges  0x00000000      0x968
 .debug_aranges
                0x00000000       0x20 /usr/lib/gcc/arm-none-eabi/14.1.0/../../../../arm-none-eabi/lib/thumb/v7-m/nofp/libc_nano.a(libc_a-memset.o)
 .debug_aranges
                0x00000020       0x20 /usr/lib/gcc/arm-none-eabi/14.1.0/../../../../arm-none-eabi/lib/thumb/v7-m/nofp/libc_nano.a(libc_a-init.o)
 .debug_aranges
                0x00000040       0x40 CMakeFiles/PWM.dir/Core/Src/main.c.obj
 .debug_aranges
                0x00000080       0x60 CMakeFiles/PWM.dir/Core/Src/stm32f1xx_it.c.obj
 .debug_aranges
                0x000000e0       0x38 CMakeFiles/PWM.dir/Core/Src/stm32f1xx_hal_msp.c.obj
 .debug_aranges
                0x00000118      0x3d0 CMakeFiles/PWM.dir/Drivers/STM32F1xx_HAL_Driver/Src/stm32f1xx_hal_tim.c.obj
 .debug_aranges
                0x000004e8      0x168 CMakeFiles/PWM.dir/Drivers/STM32F1xx_HAL_Driver/Src/stm32f1xx_hal_tim_ex.c.obj
 .debug_aranges
                0x00000650       0xe0 CMakeFiles/PWM.dir/Drivers/STM32F1xx_HAL_Driver/Src/stm32f1xx_hal.c.obj
 .debug_aranges
                0x00000730       0x90 CMakeFiles/PWM.dir/Drivers/STM32F1xx_HAL_Driver/Src/stm32f1xx_hal_rcc.c.obj
 .debug_aranges
                0x000007c0       0x58 CMakeFiles/PWM.dir/Drivers/STM32F1xx_HAL_Driver/Src/stm32f1xx_hal_gpio.c.obj
 .debug_aranges
                0x00000818      0x100 CMakeFiles/PWM.dir/Drivers/STM32F1xx_HAL_Driver/Src/stm32f1xx_hal_cortex.c.obj
 .debug_aranges
                0x00000918       0x28 CMakeFiles/PWM.dir/Core/Src/system_stm32f1xx.c.obj
 .debug_aranges
                0x00000940       0x28 CMakeFiles/PWM.dir/startup_stm32f103xb.s.obj

.debug_rnglists
                0x00000000      0x735
 .debug_rnglists
                0x00000000       0x13 /usr/lib/gcc/arm-none-eabi/14.1.0/../../../../arm-none-eabi/lib/thumb/v7-m/nofp/libc_nano.a(libc_a-memset.o)
 .debug_rnglists
                0x00000013       0x13 /usr/lib/gcc/arm-none-eabi/14.1.0/../../../../arm-none-eabi/lib/thumb/v7-m/nofp/libc_nano.a(libc_a-init.o)
 .debug_rnglists
                0x00000026       0x2c CMakeFiles/PWM.dir/Core/Src/main.c.obj
 .debug_rnglists
                0x00000052       0x43 CMakeFiles/PWM.dir/Core/Src/stm32f1xx_it.c.obj
 .debug_rnglists
                0x00000095       0x25 CMakeFiles/PWM.dir/Core/Src/stm32f1xx_hal_msp.c.obj
 .debug_rnglists
                0x000000ba      0x31a CMakeFiles/PWM.dir/Drivers/STM32F1xx_HAL_Driver/Src/stm32f1xx_hal_tim.c.obj
 .debug_rnglists
                0x000003d4      0x125 CMakeFiles/PWM.dir/Drivers/STM32F1xx_HAL_Driver/Src/stm32f1xx_hal_tim_ex.c.obj
 .debug_rnglists
                0x000004f9       0xa3 CMakeFiles/PWM.dir/Drivers/STM32F1xx_HAL_Driver/Src/stm32f1xx_hal.c.obj
 .debug_rnglists
                0x0000059c       0x6c CMakeFiles/PWM.dir/Drivers/STM32F1xx_HAL_Driver/Src/stm32f1xx_hal_rcc.c.obj
 .debug_rnglists
                0x00000608       0x3f CMakeFiles/PWM.dir/Drivers/STM32F1xx_HAL_Driver/Src/stm32f1xx_hal_gpio.c.obj
 .debug_rnglists
                0x00000647       0xbb CMakeFiles/PWM.dir/Drivers/STM32F1xx_HAL_Driver/Src/stm32f1xx_hal_cortex.c.obj
 .debug_rnglists
                0x00000702       0x1a CMakeFiles/PWM.dir/Core/Src/system_stm32f1xx.c.obj
 .debug_rnglists
                0x0000071c       0x19 CMakeFiles/PWM.dir/startup_stm32f103xb.s.obj

.debug_line     0x00000000     0x88aa
 .debug_line    0x00000000      0x123 /usr/lib/gcc/arm-none-eabi/14.1.0/../../../../arm-none-eabi/lib/thumb/v7-m/nofp/libc_nano.a(libc_a-memset.o)
 .debug_line    0x00000123      0x112 /usr/lib/gcc/arm-none-eabi/14.1.0/../../../../arm-none-eabi/lib/thumb/v7-m/nofp/libc_nano.a(libc_a-init.o)
 .debug_line    0x00000235      0x62a CMakeFiles/PWM.dir/Core/Src/main.c.obj
 .debug_line    0x0000085f      0x5c0 CMakeFiles/PWM.dir/Core/Src/stm32f1xx_it.c.obj
 .debug_line    0x00000e1f      0x576 CMakeFiles/PWM.dir/Core/Src/stm32f1xx_hal_msp.c.obj
 .debug_line    0x00001395     0x3294 CMakeFiles/PWM.dir/Drivers/STM32F1xx_HAL_Driver/Src/stm32f1xx_hal_tim.c.obj
 .debug_line    0x00004629     0x1695 CMakeFiles/PWM.dir/Drivers/STM32F1xx_HAL_Driver/Src/stm32f1xx_hal_tim_ex.c.obj
 .debug_line    0x00005cbe      0x7c1 CMakeFiles/PWM.dir/Drivers/STM32F1xx_HAL_Driver/Src/stm32f1xx_hal.c.obj
 .debug_line    0x0000647f      0xc7a CMakeFiles/PWM.dir/Drivers/STM32F1xx_HAL_Driver/Src/stm32f1xx_hal_rcc.c.obj
 .debug_line    0x000070f9      0x81e CMakeFiles/PWM.dir/Drivers/STM32F1xx_HAL_Driver/Src/stm32f1xx_hal_gpio.c.obj
 .debug_line    0x00007917      0x98b CMakeFiles/PWM.dir/Drivers/STM32F1xx_HAL_Driver/Src/stm32f1xx_hal_cortex.c.obj
 .debug_line    0x000082a2      0x590 CMakeFiles/PWM.dir/Core/Src/system_stm32f1xx.c.obj
 .debug_line    0x00008832       0x78 CMakeFiles/PWM.dir/startup_stm32f103xb.s.obj

.debug_str      0x00000000    0x84405
 .debug_str     0x00000000    0x84405 /usr/lib/gcc/arm-none-eabi/14.1.0/../../../../arm-none-eabi/lib/thumb/v7-m/nofp/libc_nano.a(libc_a-memset.o)
                                0x1b7 (size before relaxing)
 .debug_str     0x00084405      0x218 /usr/lib/gcc/arm-none-eabi/14.1.0/../../../../arm-none-eabi/lib/thumb/v7-m/nofp/libc_nano.a(libc_a-init.o)
 .debug_str     0x00084405    0x82202 CMakeFiles/PWM.dir/Core/Src/main.c.obj
 .debug_str     0x00084405    0x81aaf CMakeFiles/PWM.dir/Core/Src/stm32f1xx_it.c.obj
 .debug_str     0x00084405    0x81fff CMakeFiles/PWM.dir/Core/Src/stm32f1xx_hal_msp.c.obj
 .debug_str     0x00084405    0x82eb7 CMakeFiles/PWM.dir/Drivers/STM32F1xx_HAL_Driver/Src/stm32f1xx_hal_tim.c.obj
 .debug_str     0x00084405    0x826d3 CMakeFiles/PWM.dir/Drivers/STM32F1xx_HAL_Driver/Src/stm32f1xx_hal_tim_ex.c.obj
 .debug_str     0x00084405    0x821c9 CMakeFiles/PWM.dir/Drivers/STM32F1xx_HAL_Driver/Src/stm32f1xx_hal.c.obj
 .debug_str     0x00084405    0x81ec5 CMakeFiles/PWM.dir/Drivers/STM32F1xx_HAL_Driver/Src/stm32f1xx_hal_rcc.c.obj
 .debug_str     0x00084405    0x81e1c CMakeFiles/PWM.dir/Drivers/STM32F1xx_HAL_Driver/Src/stm32f1xx_hal_gpio.c.obj
 .debug_str     0x00084405    0x82115 CMakeFiles/PWM.dir/Drivers/STM32F1xx_HAL_Driver/Src/stm32f1xx_hal_cortex.c.obj
 .debug_str     0x00084405    0x81a96 CMakeFiles/PWM.dir/Core/Src/system_stm32f1xx.c.obj
 .debug_str     0x00084405       0x6e CMakeFiles/PWM.dir/startup_stm32f103xb.s.obj

.comment        0x00000000       0x3c
 .comment       0x00000000       0x3c /usr/lib/gcc/arm-none-eabi/14.1.0/../../../../arm-none-eabi/lib/thumb/v7-m/nofp/libc_nano.a(libc_a-memset.o)
                                 0x1f (size before relaxing)
 .comment       0x0000003c       0x1f /usr/lib/gcc/arm-none-eabi/14.1.0/../../../../arm-none-eabi/lib/thumb/v7-m/nofp/libc_nano.a(libc_a-init.o)
 .comment       0x0000003c       0x1f CMakeFiles/PWM.dir/Core/Src/main.c.obj
 .comment       0x0000003c       0x1f CMakeFiles/PWM.dir/Core/Src/stm32f1xx_it.c.obj
 .comment       0x0000003c       0x1f CMakeFiles/PWM.dir/Core/Src/stm32f1xx_hal_msp.c.obj
 .comment       0x0000003c       0x1f CMakeFiles/PWM.dir/Drivers/STM32F1xx_HAL_Driver/Src/stm32f1xx_hal_tim.c.obj
 .comment       0x0000003c       0x1f CMakeFiles/PWM.dir/Drivers/STM32F1xx_HAL_Driver/Src/stm32f1xx_hal_tim_ex.c.obj
 .comment       0x0000003c       0x1f CMakeFiles/PWM.dir/Drivers/STM32F1xx_HAL_Driver/Src/stm32f1xx_hal.c.obj
 .comment       0x0000003c       0x1f CMakeFiles/PWM.dir/Drivers/STM32F1xx_HAL_Driver/Src/stm32f1xx_hal_rcc.c.obj
 .comment       0x0000003c       0x1f CMakeFiles/PWM.dir/Drivers/STM32F1xx_HAL_Driver/Src/stm32f1xx_hal_gpio.c.obj
 .comment       0x0000003c       0x1f CMakeFiles/PWM.dir/Drivers/STM32F1xx_HAL_Driver/Src/stm32f1xx_hal_cortex.c.obj
 .comment       0x0000003c       0x1f CMakeFiles/PWM.dir/Core/Src/system_stm32f1xx.c.obj

.debug_frame    0x00000000     0x25c0
 .debug_frame   0x00000000       0x20 /usr/lib/gcc/arm-none-eabi/14.1.0/../../../../arm-none-eabi/lib/thumb/v7-m/nofp/libc_nano.a(libc_a-memset.o)
 .debug_frame   0x00000020       0x2c /usr/lib/gcc/arm-none-eabi/14.1.0/../../../../arm-none-eabi/lib/thumb/v7-m/nofp/libc_nano.a(libc_a-init.o)
 .debug_frame   0x0000004c       0xb8 CMakeFiles/PWM.dir/Core/Src/main.c.obj
 .debug_frame   0x00000104      0x104 CMakeFiles/PWM.dir/Core/Src/stm32f1xx_it.c.obj
 .debug_frame   0x00000208       0xac CMakeFiles/PWM.dir/Core/Src/stm32f1xx_hal_msp.c.obj
 .debug_frame   0x000002b4     0x11bc CMakeFiles/PWM.dir/Drivers/STM32F1xx_HAL_Driver/Src/stm32f1xx_hal_tim.c.obj
 .debug_frame   0x00001470      0x638 CMakeFiles/PWM.dir/Drivers/STM32F1xx_HAL_Driver/Src/stm32f1xx_hal_tim_ex.c.obj
 .debug_frame   0x00001aa8      0x334 CMakeFiles/PWM.dir/Drivers/STM32F1xx_HAL_Driver/Src/stm32f1xx_hal.c.obj
 .debug_frame   0x00001ddc      0x218 CMakeFiles/PWM.dir/Drivers/STM32F1xx_HAL_Driver/Src/stm32f1xx_hal_rcc.c.obj
 .debug_frame   0x00001ff4      0x14c CMakeFiles/PWM.dir/Drivers/STM32F1xx_HAL_Driver/Src/stm32f1xx_hal_gpio.c.obj
 .debug_frame   0x00002140      0x428 CMakeFiles/PWM.dir/Drivers/STM32F1xx_HAL_Driver/Src/stm32f1xx_hal_cortex.c.obj
 .debug_frame   0x00002568       0x58 CMakeFiles/PWM.dir/Core/Src/system_stm32f1xx.c.obj

.debug_macro    0x00000000    0x16630
 .debug_macro   0x00000000      0x1a8 CMakeFiles/PWM.dir/Core/Src/main.c.obj
 .debug_macro   0x000001a8      0xacc CMakeFiles/PWM.dir/Core/Src/main.c.obj
 .debug_macro   0x00000c74      0x215 CMakeFiles/PWM.dir/Core/Src/main.c.obj
 .debug_macro   0x00000e89       0x2e CMakeFiles/PWM.dir/Core/Src/main.c.obj
 .debug_macro   0x00000eb7       0x22 CMakeFiles/PWM.dir/Core/Src/main.c.obj
 .debug_macro   0x00000ed9       0x22 CMakeFiles/PWM.dir/Core/Src/main.c.obj
 .debug_macro   0x00000efb       0x8e CMakeFiles/PWM.dir/Core/Src/main.c.obj
 .debug_macro   0x00000f89       0x51 CMakeFiles/PWM.dir/Core/Src/main.c.obj
 .debug_macro   0x00000fda      0x103 CMakeFiles/PWM.dir/Core/Src/main.c.obj
 .debug_macro   0x000010dd       0x6a CMakeFiles/PWM.dir/Core/Src/main.c.obj
 .debug_macro   0x00001147      0x1df CMakeFiles/PWM.dir/Core/Src/main.c.obj
 .debug_macro   0x00001326       0x1c CMakeFiles/PWM.dir/Core/Src/main.c.obj
 .debug_macro   0x00001342       0x22 CMakeFiles/PWM.dir/Core/Src/main.c.obj
 .debug_macro   0x00001364       0xbd CMakeFiles/PWM.dir/Core/Src/main.c.obj
 .debug_macro   0x00001421      0xd23 CMakeFiles/PWM.dir/Core/Src/main.c.obj
 .debug_macro   0x00002144     0xe09e CMakeFiles/PWM.dir/Core/Src/main.c.obj
 .debug_macro   0x000101e2       0x6d CMakeFiles/PWM.dir/Core/Src/main.c.obj
 .debug_macro   0x0001024f     0x348d CMakeFiles/PWM.dir/Core/Src/main.c.obj
 .debug_macro   0x000136dc      0x190 CMakeFiles/PWM.dir/Core/Src/main.c.obj
 .debug_macro   0x0001386c       0x5c CMakeFiles/PWM.dir/Core/Src/main.c.obj
 .debug_macro   0x000138c8      0x5bc CMakeFiles/PWM.dir/Core/Src/main.c.obj
 .debug_macro   0x00013e84      0x289 CMakeFiles/PWM.dir/Core/Src/main.c.obj
 .debug_macro   0x0001410d      0x1cb CMakeFiles/PWM.dir/Core/Src/main.c.obj
 .debug_macro   0x000142d8      0x114 CMakeFiles/PWM.dir/Core/Src/main.c.obj
 .debug_macro   0x000143ec      0x1b2 CMakeFiles/PWM.dir/Core/Src/main.c.obj
 .debug_macro   0x0001459e       0x27 CMakeFiles/PWM.dir/Core/Src/main.c.obj
 .debug_macro   0x000145c5      0x136 CMakeFiles/PWM.dir/Core/Src/main.c.obj
 .debug_macro   0x000146fb      0x1bc CMakeFiles/PWM.dir/Core/Src/main.c.obj
 .debug_macro   0x000148b7       0x34 CMakeFiles/PWM.dir/Core/Src/main.c.obj
 .debug_macro   0x000148eb       0x3c CMakeFiles/PWM.dir/Core/Src/main.c.obj
 .debug_macro   0x00014927       0x57 CMakeFiles/PWM.dir/Core/Src/main.c.obj
 .debug_macro   0x0001497e       0x87 CMakeFiles/PWM.dir/Core/Src/main.c.obj
 .debug_macro   0x00014a05      0x240 CMakeFiles/PWM.dir/Core/Src/main.c.obj
 .debug_macro   0x00014c45      0x140 CMakeFiles/PWM.dir/Core/Src/main.c.obj
 .debug_macro   0x00014d85      0x8ed CMakeFiles/PWM.dir/Core/Src/main.c.obj
 .debug_macro   0x00015672       0x83 CMakeFiles/PWM.dir/Core/Src/main.c.obj
 .debug_macro   0x000156f5       0x10 CMakeFiles/PWM.dir/Core/Src/main.c.obj
 .debug_macro   0x00015705      0x1b2 CMakeFiles/PWM.dir/Core/Src/stm32f1xx_it.c.obj
 .debug_macro   0x000158b7      0x1a8 CMakeFiles/PWM.dir/Core/Src/stm32f1xx_hal_msp.c.obj
 .debug_macro   0x00015a5f      0x19a CMakeFiles/PWM.dir/Drivers/STM32F1xx_HAL_Driver/Src/stm32f1xx_hal_tim.c.obj
 .debug_macro   0x00015bf9      0x199 CMakeFiles/PWM.dir/Drivers/STM32F1xx_HAL_Driver/Src/stm32f1xx_hal_tim_ex.c.obj
 .debug_macro   0x00015d92      0x1bd CMakeFiles/PWM.dir/Drivers/STM32F1xx_HAL_Driver/Src/stm32f1xx_hal.c.obj
 .debug_macro   0x00015f4f      0x1ab CMakeFiles/PWM.dir/Drivers/STM32F1xx_HAL_Driver/Src/stm32f1xx_hal_rcc.c.obj
 .debug_macro   0x000160fa      0x204 CMakeFiles/PWM.dir/Drivers/STM32F1xx_HAL_Driver/Src/stm32f1xx_hal_gpio.c.obj
 .debug_macro   0x000162fe      0x199 CMakeFiles/PWM.dir/Drivers/STM32F1xx_HAL_Driver/Src/stm32f1xx_hal_cortex.c.obj
 .debug_macro   0x00016497      0x199 CMakeFiles/PWM.dir/Core/Src/system_stm32f1xx.c.obj

.debug_line_str
                0x00000000       0x54
 .debug_line_str
                0x00000000       0x54 CMakeFiles/PWM.dir/startup_stm32f103xb.s.obj
